module plugins/plugin

go 1.17

require google.golang.org/grpc v1.46.0

require (
	github.com/golang/protobuf v1.5.2 // indirect
	github.com/google/go-cmp v0.5.7 // indirect
	golang.org/x/net v0.0.0-20210813160813-60bc85c4be6d // indirect
	golang.org/x/sys v0.0.0-20211205182925-97ca703d548d // indirect
	golang.org/x/text v0.3.7 // indirect
	golang.org/x/xerrors v0.0.0-20220411194840-2f41105eb62f // indirect
	google.golang.org/genproto v0.0.0-20220413183235-5e96e2839df9 // indirect
	google.golang.org/protobuf v1.28.0 // indirect
)
